{
"Date": "2/11/2025 12:21:27 AM",
"UnityVersion": "2020.3.48f1",
"com.unity.scriptablebuildpipeline": "1.20.2",
"traceEvents": [
{"name": "SwitchToBuildPlatform", "ph": "X", "dur": 813.300000000002, "tid": 1, "ts": 27012, "pid": 1}
,{"name": "PrepareBuild", "ph": "X", "dur": 92720, "tid": 1, "ts": 28712, "pid": 1}
,{"name": "BuildAssemblies", "ph": "X", "dur": 3890069.7, "tid": 1, "ts": 121938, "pid": 1}
,{"name": "PrepareBlueprints", "ph": "X", "dur": 1222.6999999998, "tid": 1, "ts": 4012436, "pid": 1}
,{"name": "ExtractBlueprintDirectReferences", "ph": "X", "dur": 53353.5999999999, "tid": 1, "ts": 4014009, "pid": 1}
,{"name": "PrepareBundles", "ph": "X", "dur": 110865.1, "tid": 1, "ts": 4067835, "pid": 1}
,{"name": "PrepareLocalization", "ph": "X", "dur": 1415.30000000057, "tid": 1, "ts": 4179134, "pid": 1}
,{"name": "CheckAssetsValidity", "ph": "X", "dur": 81.9000000001324, "tid": 1, "ts": 4180995, "pid": 1}
,{"name": "CalculateSceneDependencyData", "ph": "X", "dur": 1629.60000000021, "tid": 1, "ts": 4181409, "pid": 1}
,{"name": "CalculateCustomDependencyData", "ph": "X", "dur": 1142.60000000013, "tid": 1, "ts": 4183571, "pid": 1}
,{"name": "CalculateAssetDependencyData", "ph": "X", "dur": 115063.8, "tid": 1, "ts": 4185133, "pid": 1}
,{"name": "Gathering Cache Entries to Load", "ph": "X", "dur": 3.40000000051077, "tid": 1, "ts": 4186935, "pid": 1}
,{"name": "Calculate Asset Dependencies", "ph": "X", "dur": 6003.80000000041, "tid": 1, "ts": 4186940, "pid": 1, "args": {"0":"5b07e4ed196014248b8a44daa800fe28"}}
,{"name": "Calculate Asset Dependencies", "ph": "X", "dur": 49730.0000000005, "tid": 1, "ts": 4192946, "pid": 1, "args": {"0":"520b5cb7c147d4241ae76e8871b3d91a"}}
,{"name": "Calculate Asset Dependencies", "ph": "X", "dur": 18588.8999999997, "tid": 1, "ts": 4242679, "pid": 1, "args": {"0":"2fc7a1b8d01e1a44483fef716a29b4d5"}}
,{"name": "Calculate Asset Dependencies", "ph": "X", "dur": 815.200000000004, "tid": 1, "ts": 4261270, "pid": 1, "args": {"0":"a671370beb5e58e49b4a3d75d3086e55"}}
,{"name": "Calculate Asset Dependencies", "ph": "X", "dur": 13652.2999999997, "tid": 1, "ts": 4262087, "pid": 1, "args": {"0":"97db2e1774edf00419e81cfbb32c60fc"}}
,{"name": "Calculate Asset Dependencies", "ph": "X", "dur": 6620.49999999999, "tid": 1, "ts": 4275742, "pid": 1, "args": {"0":"470adc0207eb82f409180787ae13b074"}}
,{"name": "Calculate Asset Dependencies", "ph": "X", "dur": 4468.10000000005, "tid": 1, "ts": 4282364, "pid": 1, "args": {"0":"ae891d86221dbf541a88a10ce3a9d149"}}
,{"name": "Calculate Asset Dependencies", "ph": "X", "dur": 2633.60000000012, "tid": 1, "ts": 4286834, "pid": 1, "args": {"0":"4a3da8d42de06884d968589367d6e534"}}
,{"name": "Calculate Asset Dependencies", "ph": "X", "dur": 438.400000000001, "tid": 1, "ts": 4289469, "pid": 1, "args": {"0":"c857a1e4d87d69e4288431cfe2077804"}}
,{"name": "Calculate Asset Dependencies", "ph": "X", "dur": 372.099999999591, "tid": 1, "ts": 4289908, "pid": 1, "args": {"0":"592be09d258b1184aae73826fd57f015"}}
,{"name": "Calculate Asset Dependencies", "ph": "X", "dur": 363.400000000183, "tid": 1, "ts": 4290282, "pid": 1, "args": {"0":"6a12b5fc4e22a314da98d5eb22f64374"}}
,{"name": "Calculate Asset Dependencies", "ph": "X", "dur": 460.600000000341, "tid": 1, "ts": 4290646, "pid": 1, "args": {"0":"e975d1f3504dd354db4013cd350bdfa1"}}
,{"name": "Calculate Asset Dependencies", "ph": "X", "dur": 2007.30000000021, "tid": 1, "ts": 4291108, "pid": 1, "args": {"0":"dc1705db30169264da021b92e8546865"}}
,{"name": "Calculate Asset Dependencies", "ph": "X", "dur": 3389.50000000023, "tid": 1, "ts": 4293117, "pid": 1, "args": {"0":"33663568e36e4734986b5f068bb8f085"}}
,{"name": "Calculate Asset Dependencies", "ph": "X", "dur": 610.700000000179, "tid": 1, "ts": 4296507, "pid": 1, "args": {"0":"c000ea46349d65c4cbd54d266e8df998"}}
,{"name": "Gathering Cache Entries to Save", "ph": "X", "dur": 3.10000000081345, "tid": 1, "ts": 4297124, "pid": 1}
,{"name": "GenerateBundlePacking", "ph": "X", "dur": 10490.1, "tid": 1, "ts": 4300626, "pid": 1}
,{"name": "UpdateBundleObjectLayout", "ph": "X", "dur": 992.699999999786, "tid": 1, "ts": 4311584, "pid": 1}
,{"name": "GenerateBundleCommands", "ph": "X", "dur": 11570.3999999996, "tid": 1, "ts": 4312954, "pid": 1}
,{"name": "GenerateSubAssetPathMaps", "ph": "X", "dur": 2347.09999999995, "tid": 1, "ts": 4324993, "pid": 1}
,{"name": "GenerateBundleMaps", "ph": "X", "dur": 4383.39999999971, "tid": 1, "ts": 4327755, "pid": 1}
,{"name": "Temporary Map Creations", "ph": "X", "dur": 940.799999999399, "tid": 1, "ts": 4329377, "pid": 1}
,{"name": "Populate BuildReferenceMaps", "ph": "X", "dur": 29.4999999996435, "tid": 1, "ts": 4330320, "pid": 1}
,{"name": "Populate BuildUsageTagSet", "ph": "X", "dur": 1787.29999999996, "tid": 1, "ts": 4330350, "pid": 1}
,{"name": "WriteSerializedFiles", "ph": "X", "dur": 79139.6999999997, "tid": 1, "ts": 4332613, "pid": 1}
,{"name": "RunCachedOperation", "ph": "X", "dur": 76194.5000000005, "tid": 1, "ts": 4335557, "pid": 1, "args": {"0":"Total Entries: 2, Processed: 2, Cached: 0"}}
,{"name": "Process Entries", "ph": "X", "dur": 75137.7999999995, "tid": 1, "ts": 4335605, "pid": 1}
,{"name": "Writing AssetBundleWriteOperation", "ph": "X", "dur": 4572.20000000052, "tid": 1, "ts": 4336727, "pid": 1, "args": {"0":"CAB-e988e4182372b4dbf0466c0a2cfeaf06"}}
,{"name": "Writing AssetBundleWriteOperation", "ph": "X", "dur": 47679.9999999994, "tid": 1, "ts": 4347861, "pid": 1, "args": {"0":"CAB-b1056dbe0d403642c523b10a27183cde"}}
,{"name": "Process Cached Entries", "ph": "X", "dur": 14.4999999993161, "tid": 1, "ts": 4410745, "pid": 1}
,{"name": "ArchiveAndCompressBundles", "ph": "X", "dur": 176576.6, "tid": 1, "ts": 4412371, "pid": 1}
,{"name": "CreateWorkItems", "ph": "X", "dur": 2512.60000000002, "tid": 1, "ts": 4414379, "pid": 1}
,{"name": "CopyingCachedFiles", "ph": "X", "dur": 32.5000000002547, "tid": 1, "ts": 4416897, "pid": 1}
,{"name": "ArchiveItems", "ph": "X", "dur": 164734.9, "tid": 1, "ts": 4417115, "pid": 1, "args": {"0":"Archiving 2 Bundles"}}
,{"name": "ArchiveSingleItem", "ph": "X", "dur": 158751.5, "tid": 7, "ts": 4417164, "pid": 1, "args": {"0":"Bundles\\FxManager_all"}}
,{"name": "Copying From Cache", "ph": "X", "dur": 1707.1, "tid": 7, "ts": 4574207, "pid": 1, "args": {"0":"C:\\Users\\tmw50\\source\\repos\\WrathFxManager.Owlmod\\Temp\\ContentBuildData\\Bundles\\FxManager_all -> C:\\Users\\tmw50\\source\\repos\\WrathFxManager.Owlmod\\Build\\Intermediate\\Bundles\\FxManager_all"}}
,{"name": "ArchiveSingleItem", "ph": "X", "dur": 5384.5, "tid": 8, "ts": 4417158, "pid": 1, "args": {"0":"Bundles\\FxManager_BlueprintDirectReferences"}}
,{"name": "Copying From Cache", "ph": "X", "dur": 1488.9, "tid": 8, "ts": 4421051, "pid": 1, "args": {"0":"C:\\Users\\tmw50\\source\\repos\\WrathFxManager.Owlmod\\Temp\\ContentBuildData\\Bundles\\FxManager_BlueprintDirectReferences -> C:\\Users\\tmw50\\source\\repos\\WrathFxManager.Owlmod\\Build\\Intermediate\\Bundles\\FxManager_BlueprintDirectReferences"}}
,{"name": "PostArchiveProcessing", "ph": "X", "dur": 3719.19999999955, "tid": 1, "ts": 4583743, "pid": 1}
,{"name": "CreateManifestAndSettings", "ph": "X", "dur": 6712.80000000024, "tid": 1, "ts": 4589441, "pid": 1}
,{"name": "PrepareArtifacts", "ph": "X", "dur": 8019.50000000033, "tid": 1, "ts": 4596604, "pid": 1}
,{"name": "PackArtifacts", "ph": "X", "dur": 95945.2000000001, "tid": 1, "ts": 4605058, "pid": 1}
]
}

